[debug] [2025-07-07T20:20:20.381Z] ----------------------------------------------------------------------
[debug] [2025-07-07T20:20:20.383Z] Command:       /nix/store/rbdrkcs5kkwpalxcd7c6bnm33lk2955n-nodejs-20.19.0/bin/node /home/user/.global_modules/bin/firebase init
[debug] [2025-07-07T20:20:20.384Z] CLI Version:   14.9.0
[debug] [2025-07-07T20:20:20.384Z] Platform:      linux
[debug] [2025-07-07T20:20:20.384Z] Node Version:  v20.19.0
[debug] [2025-07-07T20:20:20.385Z] Time:          Mon Jul 07 2025 20:20:20 GMT+0000 (Coordinated Universal Time)
[debug] [2025-07-07T20:20:20.385Z] ----------------------------------------------------------------------
[debug] 
[debug] [2025-07-07T20:20:20.392Z] > command requires scopes: ["email","openid","https://www.googleapis.com/auth/cloudplatformprojects.readonly","https://www.googleapis.com/auth/firebase","https://www.googleapis.com/auth/cloud-platform"]
[debug] [2025-07-07T20:20:20.393Z] > authorizing via signed-in user (yashjain200502@gmail.com)
[info] 
     ######## #### ########  ######## ########     ###     ######  ########
     ##        ##  ##     ## ##       ##     ##  ##   ##  ##       ##
     ######    ##  ########  ######   ########  #########  ######  ######
     ##        ##  ##    ##  ##       ##     ## ##     ##       ## ##
     ##       #### ##     ## ######## ########  ##     ##  ######  ########

You're about to initialize a Firebase project in this directory:

  /home/user/studio

[debug] [2025-07-07T20:21:12.984Z] ExitPromptError: User force closed the prompt with SIGINT
    at Interface.sigint (/home/user/.global_modules/lib/node_modules/firebase-tools/node_modules/@inquirer/core/dist/commonjs/lib/create-prompt.js:101:37)
    at Interface.emit (node:events:524:28)
    at Interface.emit (node:domain:489:12)
    at [_ttyWrite] [as _ttyWrite] (node:internal/readline/interface:1125:18)
    at ReadStream.onkeypress (node:internal/readline/interface:264:20)
    at ReadStream.emit (node:events:536:35)
    at ReadStream.emit (node:domain:489:12)
    at emitKeys (node:internal/readline/utils:371:14)
    at emitKeys.next (<anonymous>)
    at ReadStream.onData (node:internal/readline/emitKeypressEvents:64:36)
[error] 
[error] Error: An unexpected error has occurred.
